Picked up JAVA_TOOL_OPTIONS: -Dstdout.encoding=UTF-8 -Dstderr.encoding=UTF-8
[INFO] Scanning for projects...
[INFO] 
[INFO] --------------------------< com.viraj:sample >--------------------------
[INFO] Building sample 0.0.1-SNAPSHOT
[INFO]   from pom.xml
[INFO] --------------------------------[ jar ]---------------------------------
[INFO] 
[INFO] --- resources:3.1.0:resources (default-resources) @ sample ---
[INFO] Using 'UTF-8' encoding to copy filtered resources.
[INFO] Copying 1 resource
[INFO] Copying 0 resource
[INFO] 
[INFO] --- compiler:3.8.1:compile (default-compile) @ sample ---
[INFO] Nothing to compile - all classes are up to date
[INFO] 
[INFO] --- resources:3.1.0:testResources (default-testResources) @ sample ---
[INFO] Using 'UTF-8' encoding to copy filtered resources.
[INFO] skip non existing resourceDirectory C:\Users\Pato\Documents\testtest\validacion-sw-assesment01\src\test\resources
[INFO] 
[INFO] --- compiler:3.8.1:testCompile (default-testCompile) @ sample ---
[INFO] Changes detected - recompiling the module!
[INFO] Compiling 4 source files to C:\Users\Pato\Documents\testtest\validacion-sw-assesment01\target\test-classes
[INFO] -------------------------------------------------------------
[ERROR] COMPILATION ERROR : 
[INFO] -------------------------------------------------------------
[ERROR] /C:/Users/Pato/Documents/testtest/validacion-sw-assesment01/src/test/java/com/viraj/sample/controller/EmployeeControllerTest.java:[10,42] package org.springframework.boot.test.mock does not exist
[ERROR] /C:/Users/Pato/Documents/testtest/validacion-sw-assesment01/src/test/java/com/viraj/sample/controller/EmployeeControllerTest.java:[33,6] cannot find symbol
  symbol:   class MockBean
  location: class com.viraj.sample.controller.EmployeeControllerTest
[INFO] 2 errors 
[INFO] -------------------------------------------------------------
[INFO] ------------------------------------------------------------------------
[INFO] BUILD FAILURE
[INFO] ------------------------------------------------------------------------
[INFO] Total time:  7.997 s
[INFO] Finished at: 2026-01-16T17:04:38-05:00
[INFO] ------------------------------------------------------------------------
[ERROR] Failed to execute goal org.apache.maven.plugins:maven-compiler-plugin:3.8.1:testCompile (default-testCompile) on project sample: Compilation failure: Compilation failure: 
[ERROR] /C:/Users/Pato/Documents/testtest/validacion-sw-assesment01/src/test/java/com/viraj/sample/controller/EmployeeControllerTest.java:[10,42] package org.springframework.boot.test.mock does not exist
[ERROR] /C:/Users/Pato/Documents/testtest/validacion-sw-assesment01/src/test/java/com/viraj/sample/controller/EmployeeControllerTest.java:[33,6] cannot find symbol
[ERROR]   symbol:   class MockBean
[ERROR]   location: class com.viraj.sample.controller.EmployeeControllerTest
[ERROR] -> [Help 1]
[ERROR] 
[ERROR] To see the full stack trace of the errors, re-run Maven with the -e switch.
[ERROR] Re-run Maven using the -X switch to enable full debug logging.
[ERROR] 
[ERROR] For more information about the errors and possible solutions, please read the following articles:
[ERROR] [Help 1] http://cwiki.apache.org/confluence/display/MAVEN/MojoFailureException
